Apollo Guidance Computer (AGC) assembler, version 2020-12-24, built May  2 2022, target AGC4
(c)2003-2005,2009-2010,2016-2018,2021 Ronald S. Burkey
Refer to http://www.ibiblio.org/apollo/index.html for more information.
Pass #1
Pass #2
Pass #3
000001,000001:    4000                                           SETLOC   4000                          	#
000002,000002:    4000                                           BANK                                   	#
000003,000003: 
000004,000004:    4000           30007        BEGIN              CA       ZERO                          	#
000005,000005:    4001           56001                           XCH      L                             	#
000006,000006: 
000007,000007:                                                                                          	# TESTS DV WITH TWO POSITIVES, AND RSC CONTROL PULSE
000008,000008:    4002           34025        TEST1              CA       DVE1                          	#
000009,000009:    4003           54100                           TS       DVEMEM1                       	# 021212 IN E
000010,000010:    4004           34024                           CA       DVL1                          	#
000011,000011:    4005           56001                           XCH      L                             	# 033400 IN L
000012,000012:    4006           34023                           CA       DVA1                          	# 012345 IN A
000013,000013:    4007           00006                           EXTEND                                 	#
000014,000014:    4010           10100                           DV       DVEMEM1                       	#
000015,000015:    4011           14012                           NOOP                                   	#
000016,000016: 
000017,000017:    4012           34030        TEST2              CA       DVE2                          	#
000018,000018:    4013           54100                           TS       DVEMEM2                       	# 156565 IN E
000019,000019:    4014           34027                           CA       DVL2                          	#
000020,000020:    4015           56001                           XCH      L                             	# 033400 IN L
000021,000021:    4016           34026                           CA       DVA2                          	# 012345 IN A
000022,000022:    4017           00006                           EXTEND                                 	#
000023,000023:    4020           10100                           DV       DVEMEM2                       	#
000024,000024:    4021           14022                           NOOP                                   	#
000025,000025: 
000026,000026:    4022           14000                           TCF      BEGIN                         	#
000027,000027: 
000028,000028:                                                                                          	# CONSTANTS AND SUCH
000029,000029:    4023                        A                  EQUALS   0                             	#
000030,000030:    4023                        L                  EQUALS   1                             	#
000031,000031:    4023                        Q                  EQUALS   2                             	#
000032,000032:    4023                        EB                 EQUALS   3                             	#
000033,000033:    4023                        FB                 EQUALS   4                             	#
000034,000034:    4023                        Z                  EQUALS   5                             	#
000035,000035:    4023                        BB                 EQUALS   6                             	#
000036,000036:    4023                        ZERO               EQUALS   7                             	#
000037,000037: 
000038,000038:    4023           12345        DVA1               OCT      012345                        	#
000039,000039:    4024           33400        DVL1               OCT      033400                        	#
000040,000040:    4025           21212        DVE1               OCT      021212                        	#
000041,000041:    4026                        DVEMEM1            EQUALS   000100                        	#
000042,000042:    4026           12345        DVA2               OCT      012345                        	#
000043,000043:    4027           33400        DVL2               OCT      033400                        	#
Warning: Value out of range.:
000044,000044:    4030           56565        DVE2               OCT      156565                        	#
000045,000045:    4031                        DVEMEM2            EQUALS   000100                        	#
Removing the duplicated lines... 

Symbol-table file written.


Usage Table for Fixed-Memory Banks
----------------------------------
Bank 00:  0000/2000 words used.
Bank 01:  0000/2000 words used.
Bank 02:  0031/2000 words used.
Bank 03:  0000/2000 words used.
Bank 04:  0000/2000 words used.
Bank 05:  0000/2000 words used.
Bank 06:  0000/2000 words used.
Bank 07:  0000/2000 words used.
Bank 10:  0000/2000 words used.
Bank 11:  0000/2000 words used.
Bank 12:  0000/2000 words used.
Bank 13:  0000/2000 words used.
Bank 14:  0000/2000 words used.
Bank 15:  0000/2000 words used.
Bank 16:  0000/2000 words used.
Bank 17:  0000/2000 words used.
Bank 20:  0000/2000 words used.
Bank 21:  0000/2000 words used.
Bank 22:  0000/2000 words used.
Bank 23:  0000/2000 words used.
Bank 24:  0000/2000 words used.
Bank 25:  0000/2000 words used.
Bank 26:  0000/2000 words used.
Bank 27:  0000/2000 words used.
Bank 30:  0000/2000 words used.
Bank 31:  0000/2000 words used.
Bank 32:  0000/2000 words used.
Bank 33:  0000/2000 words used.
Bank 34:  0000/2000 words used.
Bank 35:  0000/2000 words used.
Bank 36:  0000/2000 words used.
Bank 37:  0000/2000 words used.
Bank 40:  0000/2000 words used.
Bank 41:  0000/2000 words used.
Bank 42:  0000/2000 words used.
Bank 43:  0000/2000 words used.


Symbol Table
------------
     1,C:   A            0000000  		                                  		                                  
  ==============================  		                                  		                                  
     2,C:   BB           0000006  		                                  		                                  
     3,F:   BEGIN           4000  		                                  		                                  
  ==============================  		                                  		                                  
     4,F:   DVA1            4023  		                                  		                                  
     5,F:   DVA2            4026  		                                  		                                  
     6,C:   DVEMEM1      0000100  		                                  		                                  
     7,C:   DVEMEM2      0000100  		                                  		                                  
     8,F:   DVE1            4025  		                                  		                                  
     9,F:   DVE2            4030  		                                  		                                  
    10,F:   DVL1            4024  		                                  		                                  
    11,F:   DVL2            4027  		                                  		                                  
  ==============================  		                                  		                                  
    12,C:   EB           0000003  		                                  		                                  
  ==============================  		                                  		                                  
    13,C:   FB           0000004  		                                  		                                  
  ==============================  		                                  		                                  
    14,C:   L            0000001  		                                  		                                  
  ==============================  		                                  		                                  
    15,C:   Q            0000002  		                                  		                                  
  ==============================  		                                  		                                  
    16,F:   TEST1           4002  		                                  		                                  
    17,F:   TEST2           4012  		                                  		                                  
  ==============================  		                                  		                                  
    18,C:   Z            0000005  		                                  		                                  
    19,C:   ZERO         0000007  		

Unresolved symbols:  0
Fatal errors:  0
Warnings:  1

Bugger word 65105 at 02,2033.
