Apollo Guidance Computer (AGC) assembler, version 2020-12-24, built Mar 16 2022, target AGC4
(c)2003-2005,2009-2010,2016-2018,2021 Ronald S. Burkey
Refer to http://www.ibiblio.org/apollo/index.html for more information.
Pass #1
Pass #2
Pass #3
000001,000001:    4000                                           SETLOC   4000                          	#
000002,000002:    4000                                           BANK                                   	#
000003,000003:    4000           30007        BEGIN              CA       ZERO                          	#
000004,000004:    4001           56001                           XCH      L                             	#
000005,000005: 
000006,000006:    4002           34011        TEST1              CA       MPA1                          	#
000007,000007:    4003           00006                           EXTEND                                 	#
000008,000008:    4004           74012                           MP       MPE1                          	#
000009,000009: 
000010,000010:    4005           34013        TEST2              CA       MPA2                          	#
000011,000011:    4006           00006                           EXTEND                                 	#
000012,000012:    4007           74014                           MP       MPE2                          	#
000013,000013: 
000014,000014:    4010           14000                           TCF      BEGIN                         	#
000015,000015: 
000016,000016:                                                                                          	# Constants and such
000017,000017:    4011                        A                  EQUALS   0                             	#
000018,000018:    4011                        L                  EQUALS   1                             	#
000019,000019:    4011                        Q                  EQUALS   2                             	#
000020,000020:    4011                        EB                 EQUALS   3                             	#
000021,000021:    4011                        FB                 EQUALS   4                             	#
000022,000022:    4011                        Z                  EQUALS   5                             	#
000023,000023:    4011                        BB                 EQUALS   6                             	#
000024,000024:    4011                        ZERO               EQUALS   7                             	#
000025,000025:    4011           16344        MPA1               OCT      016344                        	#
000026,000026:    4012           10101        MPE1               OCT      010101                        	#
000027,000027:    4013           16344        MPA2               OCT      016344                        	#
000028,000028:    4014           67676        MPE2               OCT      067676                        	#
Removing the duplicated lines... 

Symbol-table file written.


Usage Table for Fixed-Memory Banks
----------------------------------
Bank 00:  0000/2000 words used.
Bank 01:  0000/2000 words used.
Bank 02:  0015/2000 words used.
Bank 03:  0000/2000 words used.
Bank 04:  0000/2000 words used.
Bank 05:  0000/2000 words used.
Bank 06:  0000/2000 words used.
Bank 07:  0000/2000 words used.
Bank 10:  0000/2000 words used.
Bank 11:  0000/2000 words used.
Bank 12:  0000/2000 words used.
Bank 13:  0000/2000 words used.
Bank 14:  0000/2000 words used.
Bank 15:  0000/2000 words used.
Bank 16:  0000/2000 words used.
Bank 17:  0000/2000 words used.
Bank 20:  0000/2000 words used.
Bank 21:  0000/2000 words used.
Bank 22:  0000/2000 words used.
Bank 23:  0000/2000 words used.
Bank 24:  0000/2000 words used.
Bank 25:  0000/2000 words used.
Bank 26:  0000/2000 words used.
Bank 27:  0000/2000 words used.
Bank 30:  0000/2000 words used.
Bank 31:  0000/2000 words used.
Bank 32:  0000/2000 words used.
Bank 33:  0000/2000 words used.
Bank 34:  0000/2000 words used.
Bank 35:  0000/2000 words used.
Bank 36:  0000/2000 words used.
Bank 37:  0000/2000 words used.
Bank 40:  0000/2000 words used.
Bank 41:  0000/2000 words used.
Bank 42:  0000/2000 words used.
Bank 43:  0000/2000 words used.


Symbol Table
------------
     1,C:   A            0000000  		                                  		                                  
  ==============================  		                                  		                                  
     2,C:   BB           0000006  		                                  		                                  
     3,F:   BEGIN           4000  		                                  		                                  
  ==============================  		                                  		                                  
     4,C:   EB           0000003  		                                  		                                  
  ==============================  		                                  		                                  
     5,C:   FB           0000004  		                                  		                                  
  ==============================  		                                  		                                  
     6,C:   L            0000001  		                                  		                                  
  ==============================  		                                  		                                  
     7,F:   MPA1            4011  		                                  		                                  
     8,F:   MPA2            4013  		                                  		                                  
     9,F:   MPE1            4012  		                                  		                                  
    10,F:   MPE2            4014  		                                  		                                  
  ==============================  		                                  		                                  
    11,C:   Q            0000002  		                                  		                                  
  ==============================  		                                  		                                  
    12,F:   TEST1           4002  		                                  		                                  
    13,F:   TEST2           4005  		                                  		                                  
  ==============================  		                                  		                                  
    14,C:   Z            0000005  		                                  		                                  
    15,C:   ZERO         0000007  		

Unresolved symbols:  0
Fatal errors:  0
Warnings:  0

Bugger word 70732 at 02,2017.
